2026-01-27 11:53:54,360 - INFO - Initialized DebugTradingEnv with 5 assets
2026-01-27 11:53:54,361 - INFO - Data range: 2007-09-18 00:00:00 to 2025-12-31 00:00:00
2026-01-27 11:53:54,361 - INFO - Reset environment at step 20, date 2007-10-17 00:00:00
2026-01-27 11:53:54,362 - INFO - Date: 2007-10-17 00:00:00, Portfolio Value: 0.9792, Reward: -0.0208
2026-01-27 11:53:54,362 - INFO - Weights: 0.0278, 0.2549, 0.2231, 0.1775, 0.3167
2026-01-27 11:53:54,362 - INFO - Date: 2007-10-18 00:00:00, Portfolio Value: 0.9403, Reward: -0.0397
2026-01-27 11:53:54,362 - INFO - Weights: 0.1434, 0.1781, 0.3868, 0.0793, 0.2124
2026-01-27 11:53:54,362 - INFO - Date: 2007-10-19 00:00:00, Portfolio Value: 0.9149, Reward: -0.0270
2026-01-27 11:53:54,362 - INFO - Weights: 0.0796, 0.3126, 0.1513, 0.2309, 0.2256
2026-01-27 11:53:54,363 - INFO - Date: 2007-10-22 00:00:00, Portfolio Value: 0.9090, Reward: -0.0064
2026-01-27 11:53:54,363 - INFO - Weights: 0.2063, 0.0515, 0.3877, 0.1467, 0.2078
2026-01-27 11:53:54,363 - INFO - Date: 2007-10-23 00:00:00, Portfolio Value: 0.9642, Reward: 0.0607
2026-01-27 11:53:54,363 - INFO - Weights: 0.2613, 0.0266, 0.2302, 0.2305, 0.2513
2026-01-27 11:53:54,363 - INFO - Date: 2007-10-24 00:00:00, Portfolio Value: 0.9684, Reward: 0.0044
2026-01-27 11:53:54,363 - INFO - Weights: 0.2345, 0.1874, 0.1098, 0.2957, 0.1726
2026-01-27 11:53:54,363 - INFO - Date: 2007-10-25 00:00:00, Portfolio Value: 0.9818, Reward: 0.0139
2026-01-27 11:53:54,363 - INFO - Weights: 0.2306, 0.2265, 0.3014, 0.0655, 0.1761
2026-01-27 11:53:54,363 - INFO - Date: 2007-10-26 00:00:00, Portfolio Value: 1.0063, Reward: 0.0250
2026-01-27 11:53:54,363 - INFO - Weights: 0.2137, 0.2492, 0.2430, 0.2033, 0.0908
2026-01-27 11:53:54,363 - INFO - Date: 2007-10-29 00:00:00, Portfolio Value: 1.0452, Reward: 0.0386
2026-01-27 11:53:54,363 - INFO - Weights: 0.2358, 0.0031, 0.2347, 0.4057, 0.1207
2026-01-27 11:53:54,363 - INFO - Date: 2007-10-30 00:00:00, Portfolio Value: 1.0383, Reward: -0.0066
2026-01-27 11:53:54,363 - INFO - Weights: 0.4023, 0.1672, 0.0505, 0.2808, 0.0992
2026-01-27 11:53:54,363 - INFO - Date: 2007-10-31 00:00:00, Portfolio Value: 1.0443, Reward: 0.0058
2026-01-27 11:53:54,363 - INFO - Weights: 0.0861, 0.2232, 0.3120, 0.0714, 0.3073
2026-01-27 11:53:54,363 - INFO - Date: 2007-11-01 00:00:00, Portfolio Value: 1.0376, Reward: -0.0065
2026-01-27 11:53:54,363 - INFO - Weights: 0.0877, 0.0113, 0.2447, 0.2466, 0.4096
2026-01-27 11:53:54,363 - INFO - Date: 2007-11-02 00:00:00, Portfolio Value: 1.0499, Reward: 0.0118
2026-01-27 11:53:54,363 - INFO - Weights: 0.3681, 0.0021, 0.3102, 0.2798, 0.0399
2026-01-27 11:53:54,363 - INFO - Date: 2007-11-05 00:00:00, Portfolio Value: 1.0337, Reward: -0.0153
2026-01-27 11:53:54,363 - INFO - Weights: 0.0712, 0.2238, 0.3260, 0.1248, 0.2542
2026-01-27 11:53:54,364 - INFO - Date: 2007-11-06 00:00:00, Portfolio Value: 1.0223, Reward: -0.0111
2026-01-27 11:53:54,364 - INFO - Weights: 0.2672, 0.1749, 0.1916, 0.0860, 0.2803
2026-01-27 11:53:54,364 - INFO - Date: 2007-11-07 00:00:00, Portfolio Value: 1.0215, Reward: -0.0008
2026-01-27 11:53:54,364 - INFO - Weights: 0.2403, 0.0413, 0.2599, 0.3103, 0.1482
2026-01-27 11:53:54,364 - INFO - Date: 2007-11-08 00:00:00, Portfolio Value: 1.0057, Reward: -0.0155
2026-01-27 11:53:54,364 - INFO - Weights: 0.0684, 0.3832, 0.1172, 0.0720, 0.3593
2026-01-27 11:53:54,364 - INFO - Date: 2007-11-12 00:00:00, Portfolio Value: 0.9905, Reward: -0.0151
2026-01-27 11:53:54,364 - INFO - Weights: 0.2283, 0.2574, 0.1773, 0.1620, 0.1750
2026-01-27 11:53:54,364 - INFO - Date: 2007-11-13 00:00:00, Portfolio Value: 1.0052, Reward: 0.0148
2026-01-27 11:53:54,364 - INFO - Weights: 0.2960, 0.2090, 0.1379, 0.1039, 0.2532
2026-01-27 11:53:54,364 - INFO - Date: 2007-11-14 00:00:00, Portfolio Value: 1.0516, Reward: 0.0462
2026-01-27 11:53:54,364 - INFO - Weights: 0.2086, 0.1689, 0.1799, 0.0592, 0.3834
2026-01-27 11:53:54,364 - INFO - Date: 2007-11-15 00:00:00, Portfolio Value: 1.0465, Reward: -0.0048
2026-01-27 11:53:54,364 - INFO - Weights: 0.0447, 0.1985, 0.1683, 0.1241, 0.4644
2026-01-27 11:53:54,364 - INFO - Date: 2007-11-16 00:00:00, Portfolio Value: 1.0456, Reward: -0.0009
2026-01-27 11:53:54,364 - INFO - Weights: 0.2278, 0.2789, 0.2002, 0.2523, 0.0407
2026-01-27 11:53:54,364 - INFO - Date: 2007-11-19 00:00:00, Portfolio Value: 1.0457, Reward: 0.0001
2026-01-27 11:53:54,364 - INFO - Weights: 0.2235, 0.2892, 0.0238, 0.1647, 0.2988
2026-01-27 11:53:54,364 - INFO - Date: 2007-11-20 00:00:00, Portfolio Value: 1.0223, Reward: -0.0223
2026-01-27 11:53:54,364 - INFO - Weights: 0.1606, 0.3571, 0.0951, 0.3177, 0.0695
2026-01-27 11:53:54,364 - INFO - Date: 2007-11-21 00:00:00, Portfolio Value: 0.9804, Reward: -0.0410
2026-01-27 11:53:54,364 - INFO - Weights: 0.1626, 0.1956, 0.1839, 0.1489, 0.3091
2026-01-27 11:53:54,364 - INFO - Date: 2007-11-22 00:00:00, Portfolio Value: 0.9728, Reward: -0.0077
2026-01-27 11:53:54,364 - INFO - Weights: 0.3274, 0.1919, 0.2882, 0.1316, 0.0609
2026-01-27 11:53:54,365 - INFO - Date: 2007-11-23 00:00:00, Portfolio Value: 0.9888, Reward: 0.0165
2026-01-27 11:53:54,365 - INFO - Weights: 0.0777, 0.3687, 0.4656, 0.0516, 0.0364
2026-01-27 11:53:54,365 - INFO - Date: 2007-11-26 00:00:00, Portfolio Value: 1.0116, Reward: 0.0230
2026-01-27 11:53:54,365 - INFO - Weights: 0.3795, 0.1520, 0.2237, 0.0355, 0.2093
2026-01-27 11:53:54,365 - INFO - Date: 2007-11-27 00:00:00, Portfolio Value: 1.0051, Reward: -0.0064
2026-01-27 11:53:54,365 - INFO - Weights: 0.1217, 0.1748, 0.1561, 0.2506, 0.2968
2026-01-27 11:53:54,365 - INFO - Date: 2007-11-28 00:00:00, Portfolio Value: 0.9899, Reward: -0.0151
2026-01-27 11:53:54,365 - INFO - Weights: 0.2865, 0.1259, 0.2087, 0.1470, 0.2319
2026-01-27 11:53:54,365 - INFO - Date: 2007-11-29 00:00:00, Portfolio Value: 0.9933, Reward: 0.0034
2026-01-27 11:53:54,365 - INFO - Weights: 0.0258, 0.1675, 0.1096, 0.2326, 0.4645
2026-01-27 11:53:54,365 - INFO - Date: 2007-11-30 00:00:00, Portfolio Value: 1.0176, Reward: 0.0244
2026-01-27 11:53:54,365 - INFO - Weights: 0.0782, 0.3747, 0.1153, 0.0149, 0.4170
2026-01-27 11:53:54,365 - INFO - Date: 2007-12-03 00:00:00, Portfolio Value: 1.0368, Reward: 0.0188
2026-01-27 11:53:54,365 - INFO - Weights: 0.0869, 0.3694, 0.1893, 0.0251, 0.3293
2026-01-27 11:53:54,365 - INFO - Date: 2007-12-04 00:00:00, Portfolio Value: 1.0356, Reward: -0.0012
2026-01-27 11:53:54,365 - INFO - Weights: 0.1949, 0.3196, 0.3389, 0.1018, 0.0448
2026-01-27 11:53:54,365 - INFO - Date: 2007-12-05 00:00:00, Portfolio Value: 1.0514, Reward: 0.0153
2026-01-27 11:53:54,365 - INFO - Weights: 0.2730, 0.0159, 0.1521, 0.2238, 0.3352
2026-01-27 11:53:54,365 - INFO - Date: 2007-12-06 00:00:00, Portfolio Value: 1.0542, Reward: 0.0027
2026-01-27 11:53:54,365 - INFO - Weights: 0.1821, 0.0950, 0.3108, 0.1852, 0.2270
2026-01-27 11:53:54,365 - INFO - Date: 2007-12-07 00:00:00, Portfolio Value: 1.0578, Reward: 0.0034
2026-01-27 11:53:54,365 - INFO - Weights: 0.1872, 0.3720, 0.1958, 0.2031, 0.0420
2026-01-27 11:53:54,366 - INFO - Date: 2007-12-10 00:00:00, Portfolio Value: 1.0552, Reward: -0.0024
2026-01-27 11:53:54,366 - INFO - Weights: 0.3708, 0.0612, 0.1163, 0.4291, 0.0226
2026-01-27 11:53:54,366 - INFO - Date: 2007-12-11 00:00:00, Portfolio Value: 1.0804, Reward: 0.0239
2026-01-27 11:53:54,366 - INFO - Weights: 0.1519, 0.2866, 0.3667, 0.0029, 0.1919
2026-01-27 11:53:54,366 - INFO - Date: 2007-12-12 00:00:00, Portfolio Value: 1.0919, Reward: 0.0106
2026-01-27 11:53:54,366 - INFO - Weights: 0.2543, 0.0738, 0.5101, 0.0964, 0.0654
2026-01-27 11:53:54,366 - INFO - Date: 2007-12-13 00:00:00, Portfolio Value: 1.0729, Reward: -0.0173
2026-01-27 11:53:54,366 - INFO - Weights: 0.2581, 0.2683, 0.0553, 0.2457, 0.1726
2026-01-27 11:53:54,366 - INFO - Date: 2007-12-14 00:00:00, Portfolio Value: 1.0709, Reward: -0.0019
2026-01-27 11:53:54,366 - INFO - Weights: 0.1320, 0.2612, 0.1301, 0.0113, 0.4655
2026-01-27 11:53:54,366 - INFO - Date: 2007-12-17 00:00:00, Portfolio Value: 1.0202, Reward: -0.0474
2026-01-27 11:53:54,366 - INFO - Weights: 0.2828, 0.2457, 0.1424, 0.0427, 0.2864
2026-01-27 11:53:54,366 - INFO - Date: 2007-12-18 00:00:00, Portfolio Value: 1.0135, Reward: -0.0065
2026-01-27 11:53:54,366 - INFO - Weights: 0.1129, 0.2362, 0.0416, 0.3395, 0.2697
2026-01-27 11:53:54,366 - INFO - Date: 2007-12-19 00:00:00, Portfolio Value: 1.0152, Reward: 0.0017
2026-01-27 11:53:54,366 - INFO - Weights: 0.2422, 0.0972, 0.2376, 0.1933, 0.2298
2026-01-27 11:53:54,366 - INFO - Date: 2007-12-20 00:00:00, Portfolio Value: 1.0181, Reward: 0.0028
2026-01-27 11:53:54,366 - INFO - Weights: 0.2169, 0.2003, 0.2020, 0.1457, 0.2353
2026-01-27 11:53:54,366 - INFO - Date: 2007-12-24 00:00:00, Portfolio Value: 1.0601, Reward: 0.0413
2026-01-27 11:53:54,366 - INFO - Weights: 0.1352, 0.0534, 0.2590, 0.3720, 0.1805
2026-01-27 11:53:54,366 - INFO - Date: 2007-12-26 00:00:00, Portfolio Value: 1.0755, Reward: 0.0145
2026-01-27 11:53:54,366 - INFO - Weights: 0.1302, 0.5722, 0.0298, 0.2196, 0.0482
2026-01-27 11:53:54,366 - INFO - Date: 2007-12-27 00:00:00, Portfolio Value: 1.0776, Reward: 0.0019
2026-01-27 11:53:54,366 - INFO - Weights: 0.1882, 0.2549, 0.0350, 0.2592, 0.2628
2026-01-27 11:53:54,366 - INFO - Date: 2007-12-28 00:00:00, Portfolio Value: 1.0772, Reward: -0.0003
2026-01-27 11:53:54,366 - INFO - Weights: 0.2666, 0.2476, 0.2709, 0.0337, 0.1811
2026-01-27 11:53:54,367 - INFO - Date: 2007-12-31 00:00:00, Portfolio Value: 1.0884, Reward: 0.0103
2026-01-27 11:53:54,367 - INFO - Weights: 0.2609, 0.2446, 0.0155, 0.2503, 0.2287
2026-01-27 11:53:54,367 - INFO - Date: 2008-01-01 00:00:00, Portfolio Value: 1.0895, Reward: 0.0010
2026-01-27 11:53:54,367 - INFO - Weights: 0.1759, 0.2336, 0.2233, 0.1472, 0.2200
2026-01-27 11:53:54,367 - INFO - Date: 2008-01-02 00:00:00, Portfolio Value: 1.0959, Reward: 0.0059
2026-01-27 11:53:54,367 - INFO - Weights: 0.2439, 0.3485, 0.2114, 0.0088, 0.1874
2026-01-27 11:53:54,367 - INFO - Date: 2008-01-03 00:00:00, Portfolio Value: 1.0957, Reward: -0.0001
2026-01-27 11:53:54,367 - INFO - Weights: 0.0983, 0.3157, 0.0729, 0.2016, 0.3114
2026-01-27 11:53:54,367 - INFO - Date: 2008-01-04 00:00:00, Portfolio Value: 1.1135, Reward: 0.0163
2026-01-27 11:53:54,367 - INFO - Weights: 0.3199, 0.0838, 0.3480, 0.1268, 0.1216
2026-01-27 11:53:54,367 - INFO - Date: 2008-01-07 00:00:00, Portfolio Value: 1.1144, Reward: 0.0008
2026-01-27 11:53:54,367 - INFO - Weights: 0.1387, 0.1989, 0.2785, 0.2614, 0.1225
2026-01-27 11:53:54,367 - INFO - Date: 2008-01-08 00:00:00, Portfolio Value: 1.1161, Reward: 0.0015
2026-01-27 11:53:54,367 - INFO - Weights: 0.2550, 0.1095, 0.0611, 0.4859, 0.0884
2026-01-27 11:53:54,367 - INFO - Date: 2008-01-09 00:00:00, Portfolio Value: 1.1131, Reward: -0.0027
2026-01-27 11:53:54,367 - INFO - Weights: 0.1632, 0.1520, 0.2887, 0.1976, 0.1985
2026-01-27 11:53:54,367 - INFO - Date: 2008-01-10 00:00:00, Portfolio Value: 1.0910, Reward: -0.0199
2026-01-27 11:53:54,367 - INFO - Weights: 0.3554, 0.0559, 0.0905, 0.2152, 0.2830
2026-01-27 11:53:54,367 - INFO - Date: 2008-01-11 00:00:00, Portfolio Value: 1.0992, Reward: 0.0075
2026-01-27 11:53:54,367 - INFO - Weights: 0.2326, 0.1190, 0.2150, 0.2552, 0.1783
2026-01-27 11:53:54,367 - INFO - Date: 2008-01-14 00:00:00, Portfolio Value: 1.1004, Reward: 0.0011
2026-01-27 11:53:54,367 - INFO - Weights: 0.1599, 0.4227, 0.1226, 0.1735, 0.1213
2026-01-27 11:53:54,367 - INFO - Date: 2008-01-15 00:00:00, Portfolio Value: 1.0759, Reward: -0.0223
2026-01-27 11:53:54,367 - INFO - Weights: 0.2234, 0.2512, 0.1895, 0.2753, 0.0606
2026-01-27 11:53:54,367 - INFO - Date: 2008-01-16 00:00:00, Portfolio Value: 1.0507, Reward: -0.0234
2026-01-27 11:53:54,367 - INFO - Weights: 0.2157, 0.2976, 0.3775, 0.0041, 0.1052
2026-01-27 11:53:54,368 - INFO - Date: 2008-01-17 00:00:00, Portfolio Value: 1.0465, Reward: -0.0040
2026-01-27 11:53:54,368 - INFO - Weights: 0.3191, 0.2659, 0.0801, 0.0001, 0.3348
2026-01-27 11:53:54,368 - INFO - Date: 2008-01-18 00:00:00, Portfolio Value: 1.0069, Reward: -0.0379
2026-01-27 11:53:54,368 - INFO - Weights: 0.0170, 0.1166, 0.4694, 0.2041, 0.1929
2026-01-27 11:53:54,368 - INFO - Date: 2008-01-21 00:00:00, Portfolio Value: 0.9155, Reward: -0.0907
2026-01-27 11:53:54,368 - INFO - Weights: 0.0965, 0.4012, 0.0610, 0.4016, 0.0397
2026-01-27 11:53:54,368 - INFO - Date: 2008-01-22 00:00:00, Portfolio Value: 0.8576, Reward: -0.0632
2026-01-27 11:53:54,368 - INFO - Weights: 0.2237, 0.2481, 0.1924, 0.0074, 0.3284
2026-01-27 11:53:54,368 - INFO - Date: 2008-01-23 00:00:00, Portfolio Value: 0.9131, Reward: 0.0647
2026-01-27 11:53:54,368 - INFO - Weights: 0.2599, 0.2193, 0.2770, 0.1023, 0.1415
2026-01-27 11:53:54,368 - INFO - Date: 2008-01-24 00:00:00, Portfolio Value: 0.8807, Reward: -0.0356
2026-01-27 11:53:54,368 - INFO - Weights: 0.2062, 0.1625, 0.0587, 0.2716, 0.3010
2026-01-27 11:53:54,368 - INFO - Date: 2008-01-25 00:00:00, Portfolio Value: 0.9461, Reward: 0.0743
2026-01-27 11:53:54,368 - INFO - Weights: 0.3667, 0.1614, 0.0479, 0.1408, 0.2832
2026-01-27 11:53:54,368 - INFO - Date: 2008-01-28 00:00:00, Portfolio Value: 0.9256, Reward: -0.0217
2026-01-27 11:53:54,368 - INFO - Weights: 0.2224, 0.1779, 0.1723, 0.2186, 0.2087
2026-01-27 11:53:54,368 - INFO - Date: 2008-01-29 00:00:00, Portfolio Value: 0.9268, Reward: 0.0013
2026-01-27 11:53:54,368 - INFO - Weights: 0.4023, 0.2896, 0.0805, 0.0411, 0.1865
2026-01-27 11:53:54,368 - INFO - Date: 2008-01-30 00:00:00, Portfolio Value: 0.9059, Reward: -0.0226
2026-01-27 11:53:54,368 - INFO - Weights: 0.2136, 0.2426, 0.1825, 0.1826, 0.1787
2026-01-27 11:53:54,368 - INFO - Date: 2008-01-31 00:00:00, Portfolio Value: 0.9003, Reward: -0.0061
2026-01-27 11:53:54,368 - INFO - Weights: 0.0507, 0.3279, 0.3355, 0.0917, 0.1942
2026-01-27 11:53:54,368 - INFO - Date: 2008-02-01 00:00:00, Portfolio Value: 0.9336, Reward: 0.0369
2026-01-27 11:53:54,368 - INFO - Weights: 0.0775, 0.4225, 0.0298, 0.2922, 0.1780
2026-01-27 11:53:54,368 - INFO - Date: 2008-02-04 00:00:00, Portfolio Value: 0.9608, Reward: 0.0292
2026-01-27 11:53:54,368 - INFO - Weights: 0.3492, 0.0315, 0.3513, 0.0647, 0.2032
2026-01-27 11:53:54,369 - INFO - Date: 2008-02-05 00:00:00, Portfolio Value: 0.9647, Reward: 0.0040
2026-01-27 11:53:54,369 - INFO - Weights: 0.0732, 0.0759, 0.3972, 0.3447, 0.1090
2026-01-27 11:53:54,369 - INFO - Date: 2008-02-06 00:00:00, Portfolio Value: 0.9349, Reward: -0.0309
2026-01-27 11:53:54,369 - INFO - Weights: 0.1748, 0.3388, 0.0185, 0.3883, 0.0795
2026-01-27 11:53:54,369 - INFO - Date: 2008-02-07 00:00:00, Portfolio Value: 0.8993, Reward: -0.0381
2026-01-27 11:53:54,369 - INFO - Weights: 0.1120, 0.1648, 0.3904, 0.0552, 0.2776
2026-01-27 11:53:54,369 - INFO - Date: 2008-02-08 00:00:00, Portfolio Value: 0.8969, Reward: -0.0026
2026-01-27 11:53:54,369 - INFO - Weights: 0.1934, 0.3160, 0.0839, 0.2502, 0.1564
2026-01-27 11:53:54,369 - INFO - Date: 2008-02-11 00:00:00, Portfolio Value: 0.8470, Reward: -0.0556
2026-01-27 11:53:54,369 - INFO - Weights: 0.0103, 0.3649, 0.1184, 0.1341, 0.3723
2026-01-27 11:53:54,369 - INFO - Date: 2008-02-12 00:00:00, Portfolio Value: 0.8436, Reward: -0.0040
2026-01-27 11:53:54,369 - INFO - Weights: 0.2279, 0.3227, 0.1808, 0.0348, 0.2337
2026-01-27 11:53:54,369 - INFO - Date: 2008-02-13 00:00:00, Portfolio Value: 0.8606, Reward: 0.0201
2026-01-27 11:53:54,369 - INFO - Weights: 0.3179, 0.0983, 0.2376, 0.1180, 0.2281
2026-01-27 11:53:54,369 - INFO - Date: 2008-02-14 00:00:00, Portfolio Value: 0.9130, Reward: 0.0610
2026-01-27 11:53:54,369 - INFO - Weights: 0.0233, 0.0769, 0.1382, 0.6538, 0.1078
2026-01-27 11:53:54,369 - INFO - Date: 2008-02-15 00:00:00, Portfolio Value: 0.9319, Reward: 0.0207
2026-01-27 11:53:54,369 - INFO - Weights: 0.2094, 0.2590, 0.0700, 0.2039, 0.2576
2026-01-27 11:53:54,369 - INFO - Date: 2008-02-18 00:00:00, Portfolio Value: 0.9270, Reward: -0.0053
2026-01-27 11:53:54,369 - INFO - Weights: 0.1564, 0.2529, 0.0106, 0.2987, 0.2814
2026-01-27 11:53:54,369 - INFO - Date: 2008-02-19 00:00:00, Portfolio Value: 0.9277, Reward: 0.0008
2026-01-27 11:53:54,369 - INFO - Weights: 0.0332, 0.5101, 0.2784, 0.0042, 0.1741
2026-01-27 11:53:54,369 - INFO - Date: 2008-02-20 00:00:00, Portfolio Value: 0.9039, Reward: -0.0257
2026-01-27 11:53:54,369 - INFO - Weights: 0.0590, 0.1171, 0.3063, 0.4679, 0.0496
2026-01-27 11:53:54,369 - INFO - Date: 2008-02-21 00:00:00, Portfolio Value: 0.9109, Reward: 0.0078
2026-01-27 11:53:54,369 - INFO - Weights: 0.2507, 0.0333, 0.2953, 0.2196, 0.2012
2026-01-27 11:53:54,370 - INFO - Date: 2008-02-22 00:00:00, Portfolio Value: 0.8958, Reward: -0.0165
2026-01-27 11:53:54,370 - INFO - Weights: 0.0210, 0.3011, 0.2897, 0.2201, 0.1680
2026-01-27 11:53:54,370 - INFO - Date: 2008-02-25 00:00:00, Portfolio Value: 0.9125, Reward: 0.0186
2026-01-27 11:53:54,370 - INFO - Weights: 0.2458, 0.1065, 0.2859, 0.2640, 0.0978
2026-01-27 11:53:54,370 - INFO - Date: 2008-02-26 00:00:00, Portfolio Value: 0.9254, Reward: 0.0141
2026-01-27 11:53:54,370 - INFO - Weights: 0.2335, 0.2236, 0.2251, 0.0876, 0.2303
2026-01-27 11:53:54,370 - INFO - Date: 2008-02-27 00:00:00, Portfolio Value: 0.9251, Reward: -0.0003
2026-01-27 11:53:54,370 - INFO - Weights: 0.2909, 0.3033, 0.1018, 0.1168, 0.1872
2026-01-27 11:53:54,370 - INFO - Date: 2008-02-28 00:00:00, Portfolio Value: 0.9282, Reward: 0.0034
2026-01-27 11:53:54,370 - INFO - Weights: 0.0566, 0.2630, 0.2478, 0.2592, 0.1735
2026-01-27 11:53:54,370 - INFO - Date: 2008-02-29 00:00:00, Portfolio Value: 0.9166, Reward: -0.0125
2026-01-27 11:53:54,370 - INFO - Weights: 0.2593, 0.1438, 0.2047, 0.1027, 0.2895
2026-01-27 11:53:54,370 - INFO - Date: 2008-03-03 00:00:00, Portfolio Value: 0.8665, Reward: -0.0547
2026-01-27 11:53:54,370 - INFO - Weights: 0.1605, 0.2735, 0.2175, 0.1375, 0.2111
2026-01-27 11:53:54,370 - INFO - Date: 2008-03-04 00:00:00, Portfolio Value: 0.8499, Reward: -0.0192
2026-01-27 11:53:54,370 - INFO - Weights: 0.0102, 0.3018, 0.2459, 0.2079, 0.2341
2026-01-27 11:53:54,370 - INFO - Date: 2008-03-05 00:00:00, Portfolio Value: 0.8604, Reward: 0.0124
2026-01-27 11:53:54,370 - INFO - Weights: 0.0637, 0.2993, 0.2927, 0.1666, 0.1778
2026-01-27 11:53:54,370 - INFO - Date: 2008-03-07 00:00:00, Portfolio Value: 0.8333, Reward: -0.0315
2026-01-27 11:53:54,370 - INFO - Weights: 0.2122, 0.2445, 0.3092, 0.1697, 0.0644
2026-01-27 11:53:54,370 - INFO - Date: 2008-03-10 00:00:00, Portfolio Value: 0.8387, Reward: 0.0065
2026-01-27 11:53:54,370 - INFO - Weights: 0.3294, 0.0918, 0.0902, 0.2515, 0.2372
2026-01-27 11:53:54,381 - INFO - Initialized DebugTradingEnv with 5 assets
2026-01-27 11:53:54,381 - INFO - Initialized DebugTradingEnv with 5 assets
2026-01-27 11:53:54,381 - INFO - Data range: 2007-09-18 00:00:00 to 2025-12-31 00:00:00
2026-01-27 11:53:54,381 - INFO - Data range: 2007-09-18 00:00:00 to 2025-12-31 00:00:00
2026-01-27 11:53:54,381 - INFO - Reset environment at step 20, date 2007-10-17 00:00:00
2026-01-27 11:53:54,381 - INFO - Reset environment at step 20, date 2007-10-17 00:00:00
2026-01-27 11:53:54,381 - INFO - Date: 2007-10-17 00:00:00, Portfolio Value: 0.9796, Reward: -0.0204
2026-01-27 11:53:54,381 - INFO - Date: 2007-10-17 00:00:00, Portfolio Value: 0.9796, Reward: -0.0204
2026-01-27 11:53:54,381 - INFO - Weights: 0.2000, 0.2000, 0.2000, 0.2000, 0.2000
2026-01-27 11:53:54,381 - INFO - Weights: 0.2000, 0.2000, 0.2000, 0.2000, 0.2000
2026-01-27 11:53:54,381 - INFO - Date: 2007-10-18 00:00:00, Portfolio Value: 0.9405, Reward: -0.0399
2026-01-27 11:53:54,381 - INFO - Date: 2007-10-18 00:00:00, Portfolio Value: 0.9405, Reward: -0.0399
2026-01-27 11:53:54,381 - INFO - Weights: 0.2000, 0.2000, 0.2000, 0.2000, 0.2000
2026-01-27 11:53:54,381 - INFO - Weights: 0.2000, 0.2000, 0.2000, 0.2000, 0.2000
2026-01-27 11:53:54,381 - INFO - Date: 2007-10-19 00:00:00, Portfolio Value: 0.9152, Reward: -0.0270
2026-01-27 11:53:54,381 - INFO - Date: 2007-10-19 00:00:00, Portfolio Value: 0.9152, Reward: -0.0270
2026-01-27 11:53:54,381 - INFO - Weights: 0.2000, 0.2000, 0.2000, 0.2000, 0.2000
2026-01-27 11:53:54,381 - INFO - Weights: 0.2000, 0.2000, 0.2000, 0.2000, 0.2000
2026-01-27 11:53:54,381 - INFO - Date: 2007-10-22 00:00:00, Portfolio Value: 0.9093, Reward: -0.0064
2026-01-27 11:53:54,381 - INFO - Date: 2007-10-22 00:00:00, Portfolio Value: 0.9093, Reward: -0.0064
2026-01-27 11:53:54,381 - INFO - Weights: 0.2000, 0.2000, 0.2000, 0.2000, 0.2000
2026-01-27 11:53:54,381 - INFO - Weights: 0.2000, 0.2000, 0.2000, 0.2000, 0.2000
2026-01-27 11:53:54,381 - INFO - Date: 2007-10-23 00:00:00, Portfolio Value: 0.9634, Reward: 0.0595
2026-01-27 11:53:54,381 - INFO - Date: 2007-10-23 00:00:00, Portfolio Value: 0.9634, Reward: 0.0595
2026-01-27 11:53:54,381 - INFO - Weights: 0.2000, 0.2000, 0.2000, 0.2000, 0.2000
2026-01-27 11:53:54,381 - INFO - Weights: 0.2000, 0.2000, 0.2000, 0.2000, 0.2000
2026-01-27 11:53:54,381 - INFO - Date: 2007-10-24 00:00:00, Portfolio Value: 0.9676, Reward: 0.0044
2026-01-27 11:53:54,381 - INFO - Date: 2007-10-24 00:00:00, Portfolio Value: 0.9676, Reward: 0.0044
2026-01-27 11:53:54,381 - INFO - Weights: 0.2000, 0.2000, 0.2000, 0.2000, 0.2000
2026-01-27 11:53:54,381 - INFO - Weights: 0.2000, 0.2000, 0.2000, 0.2000, 0.2000
2026-01-27 11:53:54,382 - INFO - Date: 2007-10-25 00:00:00, Portfolio Value: 0.9812, Reward: 0.0141
2026-01-27 11:53:54,382 - INFO - Date: 2007-10-25 00:00:00, Portfolio Value: 0.9812, Reward: 0.0141
2026-01-27 11:53:54,382 - INFO - Weights: 0.2000, 0.2000, 0.2000, 0.2000, 0.2000
2026-01-27 11:53:54,382 - INFO - Weights: 0.2000, 0.2000, 0.2000, 0.2000, 0.2000
2026-01-27 11:53:54,382 - INFO - Date: 2007-10-26 00:00:00, Portfolio Value: 1.0062, Reward: 0.0255
2026-01-27 11:53:54,382 - INFO - Date: 2007-10-26 00:00:00, Portfolio Value: 1.0062, Reward: 0.0255
2026-01-27 11:53:54,382 - INFO - Weights: 0.2000, 0.2000, 0.2000, 0.2000, 0.2000
2026-01-27 11:53:54,382 - INFO - Weights: 0.2000, 0.2000, 0.2000, 0.2000, 0.2000
2026-01-27 11:53:54,382 - INFO - Date: 2007-10-29 00:00:00, Portfolio Value: 1.0444, Reward: 0.0380
2026-01-27 11:53:54,382 - INFO - Date: 2007-10-29 00:00:00, Portfolio Value: 1.0444, Reward: 0.0380
2026-01-27 11:53:54,382 - INFO - Weights: 0.2000, 0.2000, 0.2000, 0.2000, 0.2000
2026-01-27 11:53:54,382 - INFO - Weights: 0.2000, 0.2000, 0.2000, 0.2000, 0.2000
2026-01-27 11:53:54,382 - INFO - Date: 2007-10-30 00:00:00, Portfolio Value: 1.0375, Reward: -0.0067
2026-01-27 11:53:54,382 - INFO - Date: 2007-10-30 00:00:00, Portfolio Value: 1.0375, Reward: -0.0067
2026-01-27 11:53:54,382 - INFO - Weights: 0.2000, 0.2000, 0.2000, 0.2000, 0.2000
2026-01-27 11:53:54,382 - INFO - Weights: 0.2000, 0.2000, 0.2000, 0.2000, 0.2000
2026-01-27 11:53:54,382 - INFO - Date: 2007-10-31 00:00:00, Portfolio Value: 1.0435, Reward: 0.0058
2026-01-27 11:53:54,382 - INFO - Date: 2007-10-31 00:00:00, Portfolio Value: 1.0435, Reward: 0.0058
2026-01-27 11:53:54,382 - INFO - Weights: 0.2000, 0.2000, 0.2000, 0.2000, 0.2000
2026-01-27 11:53:54,382 - INFO - Weights: 0.2000, 0.2000, 0.2000, 0.2000, 0.2000
2026-01-27 11:53:54,382 - INFO - Date: 2007-11-01 00:00:00, Portfolio Value: 1.0370, Reward: -0.0062
2026-01-27 11:53:54,382 - INFO - Date: 2007-11-01 00:00:00, Portfolio Value: 1.0370, Reward: -0.0062
2026-01-27 11:53:54,382 - INFO - Weights: 0.2000, 0.2000, 0.2000, 0.2000, 0.2000
2026-01-27 11:53:54,382 - INFO - Weights: 0.2000, 0.2000, 0.2000, 0.2000, 0.2000
2026-01-27 11:53:54,382 - INFO - Date: 2007-11-02 00:00:00, Portfolio Value: 1.0494, Reward: 0.0120
2026-01-27 11:53:54,382 - INFO - Date: 2007-11-02 00:00:00, Portfolio Value: 1.0494, Reward: 0.0120
2026-01-27 11:53:54,382 - INFO - Weights: 0.2000, 0.2000, 0.2000, 0.2000, 0.2000
2026-01-27 11:53:54,382 - INFO - Weights: 0.2000, 0.2000, 0.2000, 0.2000, 0.2000
2026-01-27 11:53:54,382 - INFO - Date: 2007-11-05 00:00:00, Portfolio Value: 1.0334, Reward: -0.0153
2026-01-27 11:53:54,382 - INFO - Date: 2007-11-05 00:00:00, Portfolio Value: 1.0334, Reward: -0.0153
2026-01-27 11:53:54,382 - INFO - Weights: 0.2000, 0.2000, 0.2000, 0.2000, 0.2000
2026-01-27 11:53:54,382 - INFO - Weights: 0.2000, 0.2000, 0.2000, 0.2000, 0.2000
2026-01-27 11:53:54,382 - INFO - Date: 2007-11-06 00:00:00, Portfolio Value: 1.0220, Reward: -0.0111
2026-01-27 11:53:54,382 - INFO - Date: 2007-11-06 00:00:00, Portfolio Value: 1.0220, Reward: -0.0111
2026-01-27 11:53:54,382 - INFO - Weights: 0.2000, 0.2000, 0.2000, 0.2000, 0.2000
2026-01-27 11:53:54,382 - INFO - Weights: 0.2000, 0.2000, 0.2000, 0.2000, 0.2000
2026-01-27 11:53:54,382 - INFO - Date: 2007-11-07 00:00:00, Portfolio Value: 1.0212, Reward: -0.0008
2026-01-27 11:53:54,382 - INFO - Date: 2007-11-07 00:00:00, Portfolio Value: 1.0212, Reward: -0.0008
2026-01-27 11:53:54,382 - INFO - Weights: 0.2000, 0.2000, 0.2000, 0.2000, 0.2000
2026-01-27 11:53:54,382 - INFO - Weights: 0.2000, 0.2000, 0.2000, 0.2000, 0.2000
2026-01-27 11:53:54,382 - INFO - Date: 2007-11-08 00:00:00, Portfolio Value: 1.0055, Reward: -0.0154
2026-01-27 11:53:54,382 - INFO - Date: 2007-11-08 00:00:00, Portfolio Value: 1.0055, Reward: -0.0154
2026-01-27 11:53:54,383 - INFO - Weights: 0.2000, 0.2000, 0.2000, 0.2000, 0.2000
2026-01-27 11:53:54,383 - INFO - Weights: 0.2000, 0.2000, 0.2000, 0.2000, 0.2000
2026-01-27 11:53:54,383 - INFO - Date: 2007-11-12 00:00:00, Portfolio Value: 0.9902, Reward: -0.0152
2026-01-27 11:53:54,383 - INFO - Date: 2007-11-12 00:00:00, Portfolio Value: 0.9902, Reward: -0.0152
2026-01-27 11:53:54,383 - INFO - Weights: 0.2000, 0.2000, 0.2000, 0.2000, 0.2000
2026-01-27 11:53:54,383 - INFO - Weights: 0.2000, 0.2000, 0.2000, 0.2000, 0.2000
2026-01-27 11:53:54,383 - INFO - Date: 2007-11-13 00:00:00, Portfolio Value: 1.0048, Reward: 0.0148
2026-01-27 11:53:54,383 - INFO - Date: 2007-11-13 00:00:00, Portfolio Value: 1.0048, Reward: 0.0148
2026-01-27 11:53:54,383 - INFO - Weights: 0.2000, 0.2000, 0.2000, 0.2000, 0.2000
2026-01-27 11:53:54,383 - INFO - Weights: 0.2000, 0.2000, 0.2000, 0.2000, 0.2000
2026-01-27 11:53:54,383 - INFO - Date: 2007-11-14 00:00:00, Portfolio Value: 1.0504, Reward: 0.0453
2026-01-27 11:53:54,383 - INFO - Date: 2007-11-14 00:00:00, Portfolio Value: 1.0504, Reward: 0.0453
2026-01-27 11:53:54,383 - INFO - Weights: 0.2000, 0.2000, 0.2000, 0.2000, 0.2000
2026-01-27 11:53:54,383 - INFO - Weights: 0.2000, 0.2000, 0.2000, 0.2000, 0.2000
2026-01-27 11:53:54,383 - INFO - Date: 2007-11-15 00:00:00, Portfolio Value: 1.0455, Reward: -0.0046
2026-01-27 11:53:54,383 - INFO - Date: 2007-11-15 00:00:00, Portfolio Value: 1.0455, Reward: -0.0046
2026-01-27 11:53:54,383 - INFO - Weights: 0.2000, 0.2000, 0.2000, 0.2000, 0.2000
2026-01-27 11:53:54,383 - INFO - Weights: 0.2000, 0.2000, 0.2000, 0.2000, 0.2000
2026-01-27 11:53:54,383 - INFO - Date: 2007-11-16 00:00:00, Portfolio Value: 1.0445, Reward: -0.0009
2026-01-27 11:53:54,383 - INFO - Date: 2007-11-16 00:00:00, Portfolio Value: 1.0445, Reward: -0.0009
2026-01-27 11:53:54,383 - INFO - Weights: 0.2000, 0.2000, 0.2000, 0.2000, 0.2000
2026-01-27 11:53:54,383 - INFO - Weights: 0.2000, 0.2000, 0.2000, 0.2000, 0.2000
2026-01-27 11:53:54,383 - INFO - Date: 2007-11-19 00:00:00, Portfolio Value: 1.0447, Reward: 0.0001
2026-01-27 11:53:54,383 - INFO - Date: 2007-11-19 00:00:00, Portfolio Value: 1.0447, Reward: 0.0001
2026-01-27 11:53:54,383 - INFO - Weights: 0.2000, 0.2000, 0.2000, 0.2000, 0.2000
2026-01-27 11:53:54,383 - INFO - Weights: 0.2000, 0.2000, 0.2000, 0.2000, 0.2000
2026-01-27 11:53:54,383 - INFO - Date: 2007-11-20 00:00:00, Portfolio Value: 1.0208, Reward: -0.0228
2026-01-27 11:53:54,383 - INFO - Date: 2007-11-20 00:00:00, Portfolio Value: 1.0208, Reward: -0.0228
2026-01-27 11:53:54,383 - INFO - Weights: 0.2000, 0.2000, 0.2000, 0.2000, 0.2000
2026-01-27 11:53:54,383 - INFO - Weights: 0.2000, 0.2000, 0.2000, 0.2000, 0.2000
2026-01-27 11:53:54,383 - INFO - Date: 2007-11-21 00:00:00, Portfolio Value: 0.9795, Reward: -0.0405
2026-01-27 11:53:54,383 - INFO - Date: 2007-11-21 00:00:00, Portfolio Value: 0.9795, Reward: -0.0405
2026-01-27 11:53:54,383 - INFO - Weights: 0.2000, 0.2000, 0.2000, 0.2000, 0.2000
2026-01-27 11:53:54,383 - INFO - Weights: 0.2000, 0.2000, 0.2000, 0.2000, 0.2000
2026-01-27 11:53:54,383 - INFO - Date: 2007-11-22 00:00:00, Portfolio Value: 0.9717, Reward: -0.0080
2026-01-27 11:53:54,383 - INFO - Date: 2007-11-22 00:00:00, Portfolio Value: 0.9717, Reward: -0.0080
2026-01-27 11:53:54,383 - INFO - Weights: 0.2000, 0.2000, 0.2000, 0.2000, 0.2000
2026-01-27 11:53:54,383 - INFO - Weights: 0.2000, 0.2000, 0.2000, 0.2000, 0.2000
2026-01-27 11:53:54,383 - INFO - Date: 2007-11-23 00:00:00, Portfolio Value: 0.9884, Reward: 0.0172
2026-01-27 11:53:54,383 - INFO - Date: 2007-11-23 00:00:00, Portfolio Value: 0.9884, Reward: 0.0172
2026-01-27 11:53:54,383 - INFO - Weights: 0.2000, 0.2000, 0.2000, 0.2000, 0.2000
2026-01-27 11:53:54,383 - INFO - Weights: 0.2000, 0.2000, 0.2000, 0.2000, 0.2000
2026-01-27 11:53:54,383 - INFO - Date: 2007-11-26 00:00:00, Portfolio Value: 1.0115, Reward: 0.0234
2026-01-27 11:53:54,383 - INFO - Date: 2007-11-26 00:00:00, Portfolio Value: 1.0115, Reward: 0.0234
2026-01-27 11:53:54,383 - INFO - Weights: 0.2000, 0.2000, 0.2000, 0.2000, 0.2000
2026-01-27 11:53:54,383 - INFO - Weights: 0.2000, 0.2000, 0.2000, 0.2000, 0.2000
2026-01-27 11:53:54,384 - INFO - Date: 2007-11-27 00:00:00, Portfolio Value: 1.0052, Reward: -0.0062
2026-01-27 11:53:54,384 - INFO - Date: 2007-11-27 00:00:00, Portfolio Value: 1.0052, Reward: -0.0062
2026-01-27 11:53:54,384 - INFO - Weights: 0.2000, 0.2000, 0.2000, 0.2000, 0.2000
2026-01-27 11:53:54,384 - INFO - Weights: 0.2000, 0.2000, 0.2000, 0.2000, 0.2000
2026-01-27 11:53:54,384 - INFO - Date: 2007-11-28 00:00:00, Portfolio Value: 0.9901, Reward: -0.0151
2026-01-27 11:53:54,384 - INFO - Date: 2007-11-28 00:00:00, Portfolio Value: 0.9901, Reward: -0.0151
2026-01-27 11:53:54,384 - INFO - Weights: 0.2000, 0.2000, 0.2000, 0.2000, 0.2000
2026-01-27 11:53:54,384 - INFO - Weights: 0.2000, 0.2000, 0.2000, 0.2000, 0.2000
2026-01-27 11:53:54,384 - INFO - Date: 2007-11-29 00:00:00, Portfolio Value: 0.9933, Reward: 0.0032
2026-01-27 11:53:54,384 - INFO - Date: 2007-11-29 00:00:00, Portfolio Value: 0.9933, Reward: 0.0032
2026-01-27 11:53:54,384 - INFO - Weights: 0.2000, 0.2000, 0.2000, 0.2000, 0.2000
2026-01-27 11:53:54,384 - INFO - Weights: 0.2000, 0.2000, 0.2000, 0.2000, 0.2000
2026-01-27 11:53:54,384 - INFO - Date: 2007-11-30 00:00:00, Portfolio Value: 1.0173, Reward: 0.0242
2026-01-27 11:53:54,384 - INFO - Date: 2007-11-30 00:00:00, Portfolio Value: 1.0173, Reward: 0.0242
2026-01-27 11:53:54,384 - INFO - Weights: 0.2000, 0.2000, 0.2000, 0.2000, 0.2000
2026-01-27 11:53:54,384 - INFO - Weights: 0.2000, 0.2000, 0.2000, 0.2000, 0.2000
2026-01-27 11:53:54,384 - INFO - Date: 2007-12-03 00:00:00, Portfolio Value: 1.0365, Reward: 0.0189
2026-01-27 11:53:54,384 - INFO - Date: 2007-12-03 00:00:00, Portfolio Value: 1.0365, Reward: 0.0189
2026-01-27 11:53:54,384 - INFO - Weights: 0.2000, 0.2000, 0.2000, 0.2000, 0.2000
2026-01-27 11:53:54,384 - INFO - Weights: 0.2000, 0.2000, 0.2000, 0.2000, 0.2000
2026-01-27 11:53:54,384 - INFO - Date: 2007-12-04 00:00:00, Portfolio Value: 1.0353, Reward: -0.0012
2026-01-27 11:53:54,384 - INFO - Date: 2007-12-04 00:00:00, Portfolio Value: 1.0353, Reward: -0.0012
2026-01-27 11:53:54,384 - INFO - Weights: 0.2000, 0.2000, 0.2000, 0.2000, 0.2000
2026-01-27 11:53:54,384 - INFO - Weights: 0.2000, 0.2000, 0.2000, 0.2000, 0.2000
2026-01-27 11:53:54,384 - INFO - Date: 2007-12-05 00:00:00, Portfolio Value: 1.0506, Reward: 0.0148
2026-01-27 11:53:54,384 - INFO - Date: 2007-12-05 00:00:00, Portfolio Value: 1.0506, Reward: 0.0148
2026-01-27 11:53:54,384 - INFO - Weights: 0.2000, 0.2000, 0.2000, 0.2000, 0.2000
2026-01-27 11:53:54,384 - INFO - Weights: 0.2000, 0.2000, 0.2000, 0.2000, 0.2000
2026-01-27 11:53:54,384 - INFO - Date: 2007-12-06 00:00:00, Portfolio Value: 1.0534, Reward: 0.0026
2026-01-27 11:53:54,384 - INFO - Date: 2007-12-06 00:00:00, Portfolio Value: 1.0534, Reward: 0.0026
2026-01-27 11:53:54,384 - INFO - Weights: 0.2000, 0.2000, 0.2000, 0.2000, 0.2000
2026-01-27 11:53:54,384 - INFO - Weights: 0.2000, 0.2000, 0.2000, 0.2000, 0.2000
2026-01-27 11:53:54,384 - INFO - Date: 2007-12-07 00:00:00, Portfolio Value: 1.0571, Reward: 0.0035
2026-01-27 11:53:54,384 - INFO - Date: 2007-12-07 00:00:00, Portfolio Value: 1.0571, Reward: 0.0035
2026-01-27 11:53:54,384 - INFO - Weights: 0.2000, 0.2000, 0.2000, 0.2000, 0.2000
2026-01-27 11:53:54,384 - INFO - Weights: 0.2000, 0.2000, 0.2000, 0.2000, 0.2000
2026-01-27 11:53:54,384 - INFO - Date: 2007-12-10 00:00:00, Portfolio Value: 1.0545, Reward: -0.0024
2026-01-27 11:53:54,384 - INFO - Date: 2007-12-10 00:00:00, Portfolio Value: 1.0545, Reward: -0.0024
2026-01-27 11:53:54,384 - INFO - Weights: 0.2000, 0.2000, 0.2000, 0.2000, 0.2000
2026-01-27 11:53:54,384 - INFO - Weights: 0.2000, 0.2000, 0.2000, 0.2000, 0.2000
2026-01-27 11:53:54,384 - INFO - Date: 2007-12-11 00:00:00, Portfolio Value: 1.0802, Reward: 0.0244
2026-01-27 11:53:54,384 - INFO - Date: 2007-12-11 00:00:00, Portfolio Value: 1.0802, Reward: 0.0244
2026-01-27 11:53:54,384 - INFO - Weights: 0.2000, 0.2000, 0.2000, 0.2000, 0.2000
2026-01-27 11:53:54,384 - INFO - Weights: 0.2000, 0.2000, 0.2000, 0.2000, 0.2000
2026-01-27 11:53:54,385 - INFO - Date: 2007-12-12 00:00:00, Portfolio Value: 1.0919, Reward: 0.0108
2026-01-27 11:53:54,385 - INFO - Date: 2007-12-12 00:00:00, Portfolio Value: 1.0919, Reward: 0.0108
2026-01-27 11:53:54,385 - INFO - Weights: 0.2000, 0.2000, 0.2000, 0.2000, 0.2000
2026-01-27 11:53:54,385 - INFO - Weights: 0.2000, 0.2000, 0.2000, 0.2000, 0.2000
2026-01-27 11:53:54,385 - INFO - Date: 2007-12-13 00:00:00, Portfolio Value: 1.0728, Reward: -0.0175
2026-01-27 11:53:54,385 - INFO - Date: 2007-12-13 00:00:00, Portfolio Value: 1.0728, Reward: -0.0175
2026-01-27 11:53:54,385 - INFO - Weights: 0.2000, 0.2000, 0.2000, 0.2000, 0.2000
2026-01-27 11:53:54,385 - INFO - Weights: 0.2000, 0.2000, 0.2000, 0.2000, 0.2000
2026-01-27 11:53:54,385 - INFO - Date: 2007-12-14 00:00:00, Portfolio Value: 1.0709, Reward: -0.0018
2026-01-27 11:53:54,385 - INFO - Date: 2007-12-14 00:00:00, Portfolio Value: 1.0709, Reward: -0.0018
2026-01-27 11:53:54,385 - INFO - Weights: 0.2000, 0.2000, 0.2000, 0.2000, 0.2000
2026-01-27 11:53:54,385 - INFO - Weights: 0.2000, 0.2000, 0.2000, 0.2000, 0.2000
2026-01-27 11:53:54,385 - INFO - Date: 2007-12-17 00:00:00, Portfolio Value: 1.0199, Reward: -0.0476
2026-01-27 11:53:54,385 - INFO - Date: 2007-12-17 00:00:00, Portfolio Value: 1.0199, Reward: -0.0476
2026-01-27 11:53:54,385 - INFO - Weights: 0.2000, 0.2000, 0.2000, 0.2000, 0.2000
2026-01-27 11:53:54,385 - INFO - Weights: 0.2000, 0.2000, 0.2000, 0.2000, 0.2000
2026-01-27 11:53:54,385 - INFO - Date: 2007-12-18 00:00:00, Portfolio Value: 1.0133, Reward: -0.0064
2026-01-27 11:53:54,385 - INFO - Date: 2007-12-18 00:00:00, Portfolio Value: 1.0133, Reward: -0.0064
2026-01-27 11:53:54,385 - INFO - Weights: 0.2000, 0.2000, 0.2000, 0.2000, 0.2000
2026-01-27 11:53:54,385 - INFO - Weights: 0.2000, 0.2000, 0.2000, 0.2000, 0.2000
2026-01-27 11:53:54,385 - INFO - Date: 2007-12-19 00:00:00, Portfolio Value: 1.0150, Reward: 0.0016
2026-01-27 11:53:54,385 - INFO - Date: 2007-12-19 00:00:00, Portfolio Value: 1.0150, Reward: 0.0016
2026-01-27 11:53:54,385 - INFO - Weights: 0.2000, 0.2000, 0.2000, 0.2000, 0.2000
2026-01-27 11:53:54,385 - INFO - Weights: 0.2000, 0.2000, 0.2000, 0.2000, 0.2000
2026-01-27 11:53:54,385 - INFO - Date: 2007-12-20 00:00:00, Portfolio Value: 1.0179, Reward: 0.0028
2026-01-27 11:53:54,385 - INFO - Date: 2007-12-20 00:00:00, Portfolio Value: 1.0179, Reward: 0.0028
2026-01-27 11:53:54,385 - INFO - Weights: 0.2000, 0.2000, 0.2000, 0.2000, 0.2000
2026-01-27 11:53:54,385 - INFO - Weights: 0.2000, 0.2000, 0.2000, 0.2000, 0.2000
2026-01-27 11:53:54,385 - INFO - Date: 2007-12-24 00:00:00, Portfolio Value: 1.0589, Reward: 0.0403
2026-01-27 11:53:54,385 - INFO - Date: 2007-12-24 00:00:00, Portfolio Value: 1.0589, Reward: 0.0403
2026-01-27 11:53:54,385 - INFO - Weights: 0.2000, 0.2000, 0.2000, 0.2000, 0.2000
2026-01-27 11:53:54,385 - INFO - Weights: 0.2000, 0.2000, 0.2000, 0.2000, 0.2000
2026-01-27 11:53:54,385 - INFO - Date: 2007-12-26 00:00:00, Portfolio Value: 1.0751, Reward: 0.0152
2026-01-27 11:53:54,385 - INFO - Date: 2007-12-26 00:00:00, Portfolio Value: 1.0751, Reward: 0.0152
2026-01-27 11:53:54,385 - INFO - Weights: 0.2000, 0.2000, 0.2000, 0.2000, 0.2000
2026-01-27 11:53:54,385 - INFO - Weights: 0.2000, 0.2000, 0.2000, 0.2000, 0.2000
2026-01-27 11:53:54,385 - INFO - Date: 2007-12-27 00:00:00, Portfolio Value: 1.0771, Reward: 0.0019
2026-01-27 11:53:54,385 - INFO - Date: 2007-12-27 00:00:00, Portfolio Value: 1.0771, Reward: 0.0019
2026-01-27 11:53:54,385 - INFO - Weights: 0.2000, 0.2000, 0.2000, 0.2000, 0.2000
2026-01-27 11:53:54,385 - INFO - Weights: 0.2000, 0.2000, 0.2000, 0.2000, 0.2000
2026-01-27 11:53:54,385 - INFO - Date: 2007-12-28 00:00:00, Portfolio Value: 1.0768, Reward: -0.0003
2026-01-27 11:53:54,385 - INFO - Date: 2007-12-28 00:00:00, Portfolio Value: 1.0768, Reward: -0.0003
2026-01-27 11:53:54,385 - INFO - Weights: 0.2000, 0.2000, 0.2000, 0.2000, 0.2000
2026-01-27 11:53:54,385 - INFO - Weights: 0.2000, 0.2000, 0.2000, 0.2000, 0.2000
2026-01-27 11:53:54,385 - INFO - Date: 2007-12-31 00:00:00, Portfolio Value: 1.0879, Reward: 0.0103
2026-01-27 11:53:54,385 - INFO - Date: 2007-12-31 00:00:00, Portfolio Value: 1.0879, Reward: 0.0103
2026-01-27 11:53:54,385 - INFO - Weights: 0.2000, 0.2000, 0.2000, 0.2000, 0.2000
2026-01-27 11:53:54,385 - INFO - Weights: 0.2000, 0.2000, 0.2000, 0.2000, 0.2000
2026-01-27 11:53:54,386 - INFO - Date: 2008-01-01 00:00:00, Portfolio Value: 1.0889, Reward: 0.0010
2026-01-27 11:53:54,386 - INFO - Date: 2008-01-01 00:00:00, Portfolio Value: 1.0889, Reward: 0.0010
2026-01-27 11:53:54,386 - INFO - Weights: 0.2000, 0.2000, 0.2000, 0.2000, 0.2000
2026-01-27 11:53:54,386 - INFO - Weights: 0.2000, 0.2000, 0.2000, 0.2000, 0.2000
2026-01-27 11:53:54,386 - INFO - Date: 2008-01-02 00:00:00, Portfolio Value: 1.0955, Reward: 0.0061
2026-01-27 11:53:54,386 - INFO - Date: 2008-01-02 00:00:00, Portfolio Value: 1.0955, Reward: 0.0061
2026-01-27 11:53:54,386 - INFO - Weights: 0.2000, 0.2000, 0.2000, 0.2000, 0.2000
2026-01-27 11:53:54,386 - INFO - Weights: 0.2000, 0.2000, 0.2000, 0.2000, 0.2000
2026-01-27 11:53:54,386 - INFO - Date: 2008-01-03 00:00:00, Portfolio Value: 1.0954, Reward: -0.0001
2026-01-27 11:53:54,386 - INFO - Date: 2008-01-03 00:00:00, Portfolio Value: 1.0954, Reward: -0.0001
2026-01-27 11:53:54,386 - INFO - Weights: 0.2000, 0.2000, 0.2000, 0.2000, 0.2000
2026-01-27 11:53:54,386 - INFO - Weights: 0.2000, 0.2000, 0.2000, 0.2000, 0.2000
2026-01-27 11:53:54,386 - INFO - Date: 2008-01-04 00:00:00, Portfolio Value: 1.1134, Reward: 0.0165
2026-01-27 11:53:54,386 - INFO - Date: 2008-01-04 00:00:00, Portfolio Value: 1.1134, Reward: 0.0165
2026-01-27 11:53:54,386 - INFO - Weights: 0.2000, 0.2000, 0.2000, 0.2000, 0.2000
2026-01-27 11:53:54,386 - INFO - Weights: 0.2000, 0.2000, 0.2000, 0.2000, 0.2000
2026-01-27 11:53:54,386 - INFO - Date: 2008-01-07 00:00:00, Portfolio Value: 1.1144, Reward: 0.0008
2026-01-27 11:53:54,386 - INFO - Date: 2008-01-07 00:00:00, Portfolio Value: 1.1144, Reward: 0.0008
2026-01-27 11:53:54,386 - INFO - Weights: 0.2000, 0.2000, 0.2000, 0.2000, 0.2000
2026-01-27 11:53:54,386 - INFO - Weights: 0.2000, 0.2000, 0.2000, 0.2000, 0.2000
2026-01-27 11:53:54,386 - INFO - Date: 2008-01-08 00:00:00, Portfolio Value: 1.1160, Reward: 0.0015
2026-01-27 11:53:54,386 - INFO - Date: 2008-01-08 00:00:00, Portfolio Value: 1.1160, Reward: 0.0015
2026-01-27 11:53:54,386 - INFO - Weights: 0.2000, 0.2000, 0.2000, 0.2000, 0.2000
2026-01-27 11:53:54,386 - INFO - Weights: 0.2000, 0.2000, 0.2000, 0.2000, 0.2000
2026-01-27 11:53:54,386 - INFO - Date: 2008-01-09 00:00:00, Portfolio Value: 1.1130, Reward: -0.0027
2026-01-27 11:53:54,386 - INFO - Date: 2008-01-09 00:00:00, Portfolio Value: 1.1130, Reward: -0.0027
2026-01-27 11:53:54,386 - INFO - Weights: 0.2000, 0.2000, 0.2000, 0.2000, 0.2000
2026-01-27 11:53:54,386 - INFO - Weights: 0.2000, 0.2000, 0.2000, 0.2000, 0.2000
2026-01-27 11:53:54,386 - INFO - Date: 2008-01-10 00:00:00, Portfolio Value: 1.0913, Reward: -0.0195
2026-01-27 11:53:54,386 - INFO - Date: 2008-01-10 00:00:00, Portfolio Value: 1.0913, Reward: -0.0195
2026-01-27 11:53:54,386 - INFO - Weights: 0.2000, 0.2000, 0.2000, 0.2000, 0.2000
2026-01-27 11:53:54,386 - INFO - Weights: 0.2000, 0.2000, 0.2000, 0.2000, 0.2000
2026-01-27 11:53:54,386 - INFO - Date: 2008-01-11 00:00:00, Portfolio Value: 1.0994, Reward: 0.0075
2026-01-27 11:53:54,386 - INFO - Date: 2008-01-11 00:00:00, Portfolio Value: 1.0994, Reward: 0.0075
2026-01-27 11:53:54,386 - INFO - Weights: 0.2000, 0.2000, 0.2000, 0.2000, 0.2000
2026-01-27 11:53:54,386 - INFO - Weights: 0.2000, 0.2000, 0.2000, 0.2000, 0.2000
2026-01-27 11:53:54,386 - INFO - Date: 2008-01-14 00:00:00, Portfolio Value: 1.1007, Reward: 0.0011
2026-01-27 11:53:54,386 - INFO - Date: 2008-01-14 00:00:00, Portfolio Value: 1.1007, Reward: 0.0011
2026-01-27 11:53:54,386 - INFO - Weights: 0.2000, 0.2000, 0.2000, 0.2000, 0.2000
2026-01-27 11:53:54,386 - INFO - Weights: 0.2000, 0.2000, 0.2000, 0.2000, 0.2000
2026-01-27 11:53:54,386 - INFO - Date: 2008-01-15 00:00:00, Portfolio Value: 1.0757, Reward: -0.0227
2026-01-27 11:53:54,386 - INFO - Date: 2008-01-15 00:00:00, Portfolio Value: 1.0757, Reward: -0.0227
2026-01-27 11:53:54,386 - INFO - Weights: 0.2000, 0.2000, 0.2000, 0.2000, 0.2000
2026-01-27 11:53:54,386 - INFO - Weights: 0.2000, 0.2000, 0.2000, 0.2000, 0.2000
2026-01-27 11:53:54,387 - INFO - Date: 2008-01-16 00:00:00, Portfolio Value: 1.0496, Reward: -0.0243
2026-01-27 11:53:54,387 - INFO - Date: 2008-01-16 00:00:00, Portfolio Value: 1.0496, Reward: -0.0243
2026-01-27 11:53:54,387 - INFO - Weights: 0.2000, 0.2000, 0.2000, 0.2000, 0.2000
2026-01-27 11:53:54,387 - INFO - Weights: 0.2000, 0.2000, 0.2000, 0.2000, 0.2000
2026-01-27 11:53:54,387 - INFO - Date: 2008-01-17 00:00:00, Portfolio Value: 1.0453, Reward: -0.0040
2026-01-27 11:53:54,387 - INFO - Date: 2008-01-17 00:00:00, Portfolio Value: 1.0453, Reward: -0.0040
2026-01-27 11:53:54,387 - INFO - Weights: 0.2000, 0.2000, 0.2000, 0.2000, 0.2000
2026-01-27 11:53:54,387 - INFO - Weights: 0.2000, 0.2000, 0.2000, 0.2000, 0.2000
2026-01-27 11:53:54,387 - INFO - Date: 2008-01-18 00:00:00, Portfolio Value: 1.0062, Reward: -0.0374
2026-01-27 11:53:54,387 - INFO - Date: 2008-01-18 00:00:00, Portfolio Value: 1.0062, Reward: -0.0374
2026-01-27 11:53:54,387 - INFO - Weights: 0.2000, 0.2000, 0.2000, 0.2000, 0.2000
2026-01-27 11:53:54,387 - INFO - Weights: 0.2000, 0.2000, 0.2000, 0.2000, 0.2000
2026-01-27 11:53:54,387 - INFO - Date: 2008-01-21 00:00:00, Portfolio Value: 0.9131, Reward: -0.0926
2026-01-27 11:53:54,387 - INFO - Date: 2008-01-21 00:00:00, Portfolio Value: 0.9131, Reward: -0.0926
2026-01-27 11:53:54,387 - INFO - Weights: 0.2000, 0.2000, 0.2000, 0.2000, 0.2000
2026-01-27 11:53:54,387 - INFO - Weights: 0.2000, 0.2000, 0.2000, 0.2000, 0.2000
2026-01-27 11:53:54,387 - INFO - Date: 2008-01-22 00:00:00, Portfolio Value: 0.8553, Reward: -0.0632
2026-01-27 11:53:54,387 - INFO - Date: 2008-01-22 00:00:00, Portfolio Value: 0.8553, Reward: -0.0632
2026-01-27 11:53:54,387 - INFO - Weights: 0.2000, 0.2000, 0.2000, 0.2000, 0.2000
2026-01-27 11:53:54,387 - INFO - Weights: 0.2000, 0.2000, 0.2000, 0.2000, 0.2000
2026-01-27 11:53:54,387 - INFO - Date: 2008-01-23 00:00:00, Portfolio Value: 0.9118, Reward: 0.0660
2026-01-27 11:53:54,387 - INFO - Date: 2008-01-23 00:00:00, Portfolio Value: 0.9118, Reward: 0.0660
2026-01-27 11:53:54,387 - INFO - Weights: 0.2000, 0.2000, 0.2000, 0.2000, 0.2000
2026-01-27 11:53:54,387 - INFO - Weights: 0.2000, 0.2000, 0.2000, 0.2000, 0.2000
2026-01-27 11:53:54,387 - INFO - Date: 2008-01-24 00:00:00, Portfolio Value: 0.8801, Reward: -0.0348
2026-01-27 11:53:54,387 - INFO - Date: 2008-01-24 00:00:00, Portfolio Value: 0.8801, Reward: -0.0348
2026-01-27 11:53:54,387 - INFO - Weights: 0.2000, 0.2000, 0.2000, 0.2000, 0.2000
2026-01-27 11:53:54,387 - INFO - Weights: 0.2000, 0.2000, 0.2000, 0.2000, 0.2000
2026-01-27 11:53:54,387 - INFO - Date: 2008-01-25 00:00:00, Portfolio Value: 0.9452, Reward: 0.0740
2026-01-27 11:53:54,387 - INFO - Date: 2008-01-25 00:00:00, Portfolio Value: 0.9452, Reward: 0.0740
2026-01-27 11:53:54,387 - INFO - Weights: 0.2000, 0.2000, 0.2000, 0.2000, 0.2000
2026-01-27 11:53:54,387 - INFO - Weights: 0.2000, 0.2000, 0.2000, 0.2000, 0.2000
2026-01-27 11:53:54,387 - INFO - Date: 2008-01-28 00:00:00, Portfolio Value: 0.9248, Reward: -0.0216
2026-01-27 11:53:54,387 - INFO - Date: 2008-01-28 00:00:00, Portfolio Value: 0.9248, Reward: -0.0216
2026-01-27 11:53:54,387 - INFO - Weights: 0.2000, 0.2000, 0.2000, 0.2000, 0.2000
2026-01-27 11:53:54,387 - INFO - Weights: 0.2000, 0.2000, 0.2000, 0.2000, 0.2000
2026-01-27 11:53:54,387 - INFO - Date: 2008-01-29 00:00:00, Portfolio Value: 0.9261, Reward: 0.0014
2026-01-27 11:53:54,387 - INFO - Date: 2008-01-29 00:00:00, Portfolio Value: 0.9261, Reward: 0.0014
2026-01-27 11:53:54,387 - INFO - Weights: 0.2000, 0.2000, 0.2000, 0.2000, 0.2000
2026-01-27 11:53:54,387 - INFO - Weights: 0.2000, 0.2000, 0.2000, 0.2000, 0.2000
2026-01-27 11:53:54,387 - INFO - Date: 2008-01-30 00:00:00, Portfolio Value: 0.9050, Reward: -0.0228
2026-01-27 11:53:54,387 - INFO - Date: 2008-01-30 00:00:00, Portfolio Value: 0.9050, Reward: -0.0228
2026-01-27 11:53:54,387 - INFO - Weights: 0.2000, 0.2000, 0.2000, 0.2000, 0.2000
2026-01-27 11:53:54,387 - INFO - Weights: 0.2000, 0.2000, 0.2000, 0.2000, 0.2000
2026-01-27 11:53:54,388 - INFO - Date: 2008-01-31 00:00:00, Portfolio Value: 0.8993, Reward: -0.0062
2026-01-27 11:53:54,388 - INFO - Date: 2008-01-31 00:00:00, Portfolio Value: 0.8993, Reward: -0.0062
2026-01-27 11:53:54,388 - INFO - Weights: 0.2000, 0.2000, 0.2000, 0.2000, 0.2000
2026-01-27 11:53:54,388 - INFO - Weights: 0.2000, 0.2000, 0.2000, 0.2000, 0.2000
2026-01-27 11:53:54,388 - INFO - Date: 2008-02-01 00:00:00, Portfolio Value: 0.9328, Reward: 0.0372
2026-01-27 11:53:54,388 - INFO - Date: 2008-02-01 00:00:00, Portfolio Value: 0.9328, Reward: 0.0372
2026-01-27 11:53:54,388 - INFO - Weights: 0.2000, 0.2000, 0.2000, 0.2000, 0.2000
2026-01-27 11:53:54,388 - INFO - Weights: 0.2000, 0.2000, 0.2000, 0.2000, 0.2000
2026-01-27 11:53:54,388 - INFO - Date: 2008-02-04 00:00:00, Portfolio Value: 0.9601, Reward: 0.0293
2026-01-27 11:53:54,388 - INFO - Date: 2008-02-04 00:00:00, Portfolio Value: 0.9601, Reward: 0.0293
2026-01-27 11:53:54,388 - INFO - Weights: 0.2000, 0.2000, 0.2000, 0.2000, 0.2000
2026-01-27 11:53:54,388 - INFO - Weights: 0.2000, 0.2000, 0.2000, 0.2000, 0.2000
2026-01-27 11:53:54,388 - INFO - Date: 2008-02-05 00:00:00, Portfolio Value: 0.9639, Reward: 0.0040
2026-01-27 11:53:54,388 - INFO - Date: 2008-02-05 00:00:00, Portfolio Value: 0.9639, Reward: 0.0040
2026-01-27 11:53:54,388 - INFO - Weights: 0.2000, 0.2000, 0.2000, 0.2000, 0.2000
2026-01-27 11:53:54,388 - INFO - Weights: 0.2000, 0.2000, 0.2000, 0.2000, 0.2000
2026-01-27 11:53:54,388 - INFO - Date: 2008-02-06 00:00:00, Portfolio Value: 0.9338, Reward: -0.0313
2026-01-27 11:53:54,388 - INFO - Date: 2008-02-06 00:00:00, Portfolio Value: 0.9338, Reward: -0.0313
2026-01-27 11:53:54,388 - INFO - Weights: 0.2000, 0.2000, 0.2000, 0.2000, 0.2000
2026-01-27 11:53:54,388 - INFO - Weights: 0.2000, 0.2000, 0.2000, 0.2000, 0.2000
2026-01-27 11:53:54,388 - INFO - Date: 2008-02-07 00:00:00, Portfolio Value: 0.8984, Reward: -0.0378
2026-01-27 11:53:54,388 - INFO - Date: 2008-02-07 00:00:00, Portfolio Value: 0.8984, Reward: -0.0378
2026-01-27 11:53:54,388 - INFO - Weights: 0.2000, 0.2000, 0.2000, 0.2000, 0.2000
2026-01-27 11:53:54,388 - INFO - Weights: 0.2000, 0.2000, 0.2000, 0.2000, 0.2000
2026-01-27 11:53:54,388 - INFO - Date: 2008-02-08 00:00:00, Portfolio Value: 0.8960, Reward: -0.0027
2026-01-27 11:53:54,388 - INFO - Date: 2008-02-08 00:00:00, Portfolio Value: 0.8960, Reward: -0.0027
2026-01-27 11:53:54,388 - INFO - Weights: 0.2000, 0.2000, 0.2000, 0.2000, 0.2000
2026-01-27 11:53:54,388 - INFO - Weights: 0.2000, 0.2000, 0.2000, 0.2000, 0.2000
2026-01-27 11:53:54,388 - INFO - Date: 2008-02-11 00:00:00, Portfolio Value: 0.8470, Reward: -0.0547
2026-01-27 11:53:54,388 - INFO - Date: 2008-02-11 00:00:00, Portfolio Value: 0.8470, Reward: -0.0547
2026-01-27 11:53:54,388 - INFO - Weights: 0.2000, 0.2000, 0.2000, 0.2000, 0.2000
2026-01-27 11:53:54,388 - INFO - Weights: 0.2000, 0.2000, 0.2000, 0.2000, 0.2000
2026-01-27 11:53:54,389 - INFO - Date: 2008-02-12 00:00:00, Portfolio Value: 0.8435, Reward: -0.0041
2026-01-27 11:53:54,389 - INFO - Date: 2008-02-12 00:00:00, Portfolio Value: 0.8435, Reward: -0.0041
2026-01-27 11:53:54,389 - INFO - Weights: 0.2000, 0.2000, 0.2000, 0.2000, 0.2000
2026-01-27 11:53:54,389 - INFO - Weights: 0.2000, 0.2000, 0.2000, 0.2000, 0.2000
2026-01-27 11:53:54,389 - INFO - Date: 2008-02-13 00:00:00, Portfolio Value: 0.8604, Reward: 0.0201
2026-01-27 11:53:54,389 - INFO - Date: 2008-02-13 00:00:00, Portfolio Value: 0.8604, Reward: 0.0201
2026-01-27 11:53:54,389 - INFO - Weights: 0.2000, 0.2000, 0.2000, 0.2000, 0.2000
2026-01-27 11:53:54,389 - INFO - Weights: 0.2000, 0.2000, 0.2000, 0.2000, 0.2000
2026-01-27 11:53:54,389 - INFO - Date: 2008-02-14 00:00:00, Portfolio Value: 0.9111, Reward: 0.0588
2026-01-27 11:53:54,389 - INFO - Date: 2008-02-14 00:00:00, Portfolio Value: 0.9111, Reward: 0.0588
2026-01-27 11:53:54,389 - INFO - Weights: 0.2000, 0.2000, 0.2000, 0.2000, 0.2000
2026-01-27 11:53:54,389 - INFO - Weights: 0.2000, 0.2000, 0.2000, 0.2000, 0.2000
2026-01-27 11:53:54,389 - INFO - Date: 2008-02-15 00:00:00, Portfolio Value: 0.9299, Reward: 0.0206
2026-01-27 11:53:54,389 - INFO - Date: 2008-02-15 00:00:00, Portfolio Value: 0.9299, Reward: 0.0206
2026-01-27 11:53:54,389 - INFO - Weights: 0.2000, 0.2000, 0.2000, 0.2000, 0.2000
2026-01-27 11:53:54,389 - INFO - Weights: 0.2000, 0.2000, 0.2000, 0.2000, 0.2000
2026-01-27 11:53:54,389 - INFO - Date: 2008-02-18 00:00:00, Portfolio Value: 0.9250, Reward: -0.0052
2026-01-27 11:53:54,389 - INFO - Date: 2008-02-18 00:00:00, Portfolio Value: 0.9250, Reward: -0.0052
2026-01-27 11:53:54,389 - INFO - Weights: 0.2000, 0.2000, 0.2000, 0.2000, 0.2000
2026-01-27 11:53:54,389 - INFO - Weights: 0.2000, 0.2000, 0.2000, 0.2000, 0.2000
2026-01-27 11:53:54,389 - INFO - Date: 2008-02-19 00:00:00, Portfolio Value: 0.9257, Reward: 0.0008
2026-01-27 11:53:54,389 - INFO - Date: 2008-02-19 00:00:00, Portfolio Value: 0.9257, Reward: 0.0008
2026-01-27 11:53:54,389 - INFO - Weights: 0.2000, 0.2000, 0.2000, 0.2000, 0.2000
2026-01-27 11:53:54,389 - INFO - Weights: 0.2000, 0.2000, 0.2000, 0.2000, 0.2000
2026-01-27 11:53:54,389 - INFO - Date: 2008-02-20 00:00:00, Portfolio Value: 0.9022, Reward: -0.0255
2026-01-27 11:53:54,389 - INFO - Date: 2008-02-20 00:00:00, Portfolio Value: 0.9022, Reward: -0.0255
2026-01-27 11:53:54,389 - INFO - Weights: 0.2000, 0.2000, 0.2000, 0.2000, 0.2000
2026-01-27 11:53:54,389 - INFO - Weights: 0.2000, 0.2000, 0.2000, 0.2000, 0.2000
2026-01-27 11:53:54,389 - INFO - Date: 2008-02-21 00:00:00, Portfolio Value: 0.9091, Reward: 0.0077
2026-01-27 11:53:54,389 - INFO - Date: 2008-02-21 00:00:00, Portfolio Value: 0.9091, Reward: 0.0077
2026-01-27 11:53:54,389 - INFO - Weights: 0.2000, 0.2000, 0.2000, 0.2000, 0.2000
2026-01-27 11:53:54,389 - INFO - Weights: 0.2000, 0.2000, 0.2000, 0.2000, 0.2000
2026-01-27 11:53:54,389 - INFO - Date: 2008-02-22 00:00:00, Portfolio Value: 0.8940, Reward: -0.0166
2026-01-27 11:53:54,389 - INFO - Date: 2008-02-22 00:00:00, Portfolio Value: 0.8940, Reward: -0.0166
2026-01-27 11:53:54,389 - INFO - Weights: 0.2000, 0.2000, 0.2000, 0.2000, 0.2000
2026-01-27 11:53:54,389 - INFO - Weights: 0.2000, 0.2000, 0.2000, 0.2000, 0.2000
2026-01-27 11:53:54,389 - INFO - Date: 2008-02-25 00:00:00, Portfolio Value: 0.9108, Reward: 0.0187
2026-01-27 11:53:54,389 - INFO - Date: 2008-02-25 00:00:00, Portfolio Value: 0.9108, Reward: 0.0187
2026-01-27 11:53:54,389 - INFO - Weights: 0.2000, 0.2000, 0.2000, 0.2000, 0.2000
2026-01-27 11:53:54,389 - INFO - Weights: 0.2000, 0.2000, 0.2000, 0.2000, 0.2000
2026-01-27 11:53:54,390 - INFO - Date: 2008-02-26 00:00:00, Portfolio Value: 0.9237, Reward: 0.0142
2026-01-27 11:53:54,390 - INFO - Date: 2008-02-26 00:00:00, Portfolio Value: 0.9237, Reward: 0.0142
2026-01-27 11:53:54,390 - INFO - Weights: 0.2000, 0.2000, 0.2000, 0.2000, 0.2000
2026-01-27 11:53:54,390 - INFO - Weights: 0.2000, 0.2000, 0.2000, 0.2000, 0.2000
2026-01-27 11:53:54,390 - INFO - Date: 2008-02-27 00:00:00, Portfolio Value: 0.9234, Reward: -0.0003
2026-01-27 11:53:54,390 - INFO - Date: 2008-02-27 00:00:00, Portfolio Value: 0.9234, Reward: -0.0003
2026-01-27 11:53:54,390 - INFO - Weights: 0.2000, 0.2000, 0.2000, 0.2000, 0.2000
2026-01-27 11:53:54,390 - INFO - Weights: 0.2000, 0.2000, 0.2000, 0.2000, 0.2000
2026-01-27 11:53:54,390 - INFO - Date: 2008-02-28 00:00:00, Portfolio Value: 0.9265, Reward: 0.0034
2026-01-27 11:53:54,390 - INFO - Date: 2008-02-28 00:00:00, Portfolio Value: 0.9265, Reward: 0.0034
2026-01-27 11:53:54,390 - INFO - Weights: 0.2000, 0.2000, 0.2000, 0.2000, 0.2000
2026-01-27 11:53:54,390 - INFO - Weights: 0.2000, 0.2000, 0.2000, 0.2000, 0.2000
2026-01-27 11:53:54,390 - INFO - Date: 2008-02-29 00:00:00, Portfolio Value: 0.9150, Reward: -0.0124
2026-01-27 11:53:54,390 - INFO - Date: 2008-02-29 00:00:00, Portfolio Value: 0.9150, Reward: -0.0124
2026-01-27 11:53:54,390 - INFO - Weights: 0.2000, 0.2000, 0.2000, 0.2000, 0.2000
2026-01-27 11:53:54,390 - INFO - Weights: 0.2000, 0.2000, 0.2000, 0.2000, 0.2000
2026-01-27 11:53:54,390 - INFO - Date: 2008-03-03 00:00:00, Portfolio Value: 0.8646, Reward: -0.0551
2026-01-27 11:53:54,390 - INFO - Date: 2008-03-03 00:00:00, Portfolio Value: 0.8646, Reward: -0.0551
2026-01-27 11:53:54,390 - INFO - Weights: 0.2000, 0.2000, 0.2000, 0.2000, 0.2000
2026-01-27 11:53:54,390 - INFO - Weights: 0.2000, 0.2000, 0.2000, 0.2000, 0.2000
2026-01-27 11:53:54,390 - INFO - Date: 2008-03-04 00:00:00, Portfolio Value: 0.8481, Reward: -0.0191
2026-01-27 11:53:54,390 - INFO - Date: 2008-03-04 00:00:00, Portfolio Value: 0.8481, Reward: -0.0191
2026-01-27 11:53:54,390 - INFO - Weights: 0.2000, 0.2000, 0.2000, 0.2000, 0.2000
2026-01-27 11:53:54,390 - INFO - Weights: 0.2000, 0.2000, 0.2000, 0.2000, 0.2000
2026-01-27 11:53:54,390 - INFO - Date: 2008-03-05 00:00:00, Portfolio Value: 0.8587, Reward: 0.0125
2026-01-27 11:53:54,390 - INFO - Date: 2008-03-05 00:00:00, Portfolio Value: 0.8587, Reward: 0.0125
2026-01-27 11:53:54,390 - INFO - Weights: 0.2000, 0.2000, 0.2000, 0.2000, 0.2000
2026-01-27 11:53:54,390 - INFO - Weights: 0.2000, 0.2000, 0.2000, 0.2000, 0.2000
2026-01-27 11:53:54,390 - INFO - Date: 2008-03-07 00:00:00, Portfolio Value: 0.8309, Reward: -0.0324
2026-01-27 11:53:54,390 - INFO - Date: 2008-03-07 00:00:00, Portfolio Value: 0.8309, Reward: -0.0324
2026-01-27 11:53:54,390 - INFO - Weights: 0.2000, 0.2000, 0.2000, 0.2000, 0.2000
2026-01-27 11:53:54,390 - INFO - Weights: 0.2000, 0.2000, 0.2000, 0.2000, 0.2000
2026-01-27 11:53:54,390 - INFO - Date: 2008-03-10 00:00:00, Portfolio Value: 0.8362, Reward: 0.0064
2026-01-27 11:53:54,390 - INFO - Date: 2008-03-10 00:00:00, Portfolio Value: 0.8362, Reward: 0.0064
2026-01-27 11:53:54,390 - INFO - Weights: 0.2000, 0.2000, 0.2000, 0.2000, 0.2000
2026-01-27 11:53:54,390 - INFO - Weights: 0.2000, 0.2000, 0.2000, 0.2000, 0.2000
